Archive member included to satisfy reference by file (symbol)

c:/program files (x86)/atmel/studio/7.0/toolchain/arm/arm-gnu-toolchain/bin/../lib/gcc/arm-none-eabi/5.3.1/../../../../arm-none-eabi/lib/armv7-m\libc.a(lib_a-exit.o)
                              c:/program files (x86)/atmel/studio/7.0/toolchain/arm/arm-gnu-toolchain/bin/../lib/gcc/arm-none-eabi/5.3.1/../../../../arm-none-eabi/lib/armv7-m/crt0.o (exit)
c:/program files (x86)/atmel/studio/7.0/toolchain/arm/arm-gnu-toolchain/bin/../lib/gcc/arm-none-eabi/5.3.1/../../../../arm-none-eabi/lib/armv7-m\libc.a(lib_a-impure.o)
                              c:/program files (x86)/atmel/studio/7.0/toolchain/arm/arm-gnu-toolchain/bin/../lib/gcc/arm-none-eabi/5.3.1/../../../../arm-none-eabi/lib/armv7-m\libc.a(lib_a-exit.o) (_global_impure_ptr)
c:/program files (x86)/atmel/studio/7.0/toolchain/arm/arm-gnu-toolchain/bin/../lib/gcc/arm-none-eabi/5.3.1/../../../../arm-none-eabi/lib/armv7-m\libc.a(lib_a-init.o)
                              c:/program files (x86)/atmel/studio/7.0/toolchain/arm/arm-gnu-toolchain/bin/../lib/gcc/arm-none-eabi/5.3.1/../../../../arm-none-eabi/lib/armv7-m/crt0.o (__libc_init_array)
c:/program files (x86)/atmel/studio/7.0/toolchain/arm/arm-gnu-toolchain/bin/../lib/gcc/arm-none-eabi/5.3.1/../../../../arm-none-eabi/lib/armv7-m\libc.a(lib_a-memset.o)
                              c:/program files (x86)/atmel/studio/7.0/toolchain/arm/arm-gnu-toolchain/bin/../lib/gcc/arm-none-eabi/5.3.1/../../../../arm-none-eabi/lib/armv7-m/crt0.o (memset)
c:/program files (x86)/atmel/studio/7.0/toolchain/arm/arm-gnu-toolchain/bin/../lib/gcc/arm-none-eabi/5.3.1/../../../../arm-none-eabi/lib/armv7-m\libc.a(lib_a-strcmp.o)
                              nmeaScanner.o (strcmp)
c:/program files (x86)/atmel/studio/7.0/toolchain/arm/arm-gnu-toolchain/bin/../lib/gcc/arm-none-eabi/5.3.1/../../../../arm-none-eabi/lib/armv7-m\libc.a(lib_a-strcpy.o)
                              nmeaScanner.o (strcpy)
c:/program files (x86)/atmel/studio/7.0/toolchain/arm/arm-gnu-toolchain/bin/../lib/gcc/arm-none-eabi/5.3.1/../../../../arm-none-eabi/lib/armv7-m\libc.a(lib_a-__call_atexit.o)
                              c:/program files (x86)/atmel/studio/7.0/toolchain/arm/arm-gnu-toolchain/bin/../lib/gcc/arm-none-eabi/5.3.1/../../../../arm-none-eabi/lib/armv7-m\libc.a(lib_a-exit.o) (__call_exitprocs)
c:/program files (x86)/atmel/studio/7.0/toolchain/arm/arm-gnu-toolchain/bin/../lib/gcc/arm-none-eabi/5.3.1/../../../../arm-none-eabi/lib/armv7-m\libc.a(lib_a-atexit.o)
                              c:/program files (x86)/atmel/studio/7.0/toolchain/arm/arm-gnu-toolchain/bin/../lib/gcc/arm-none-eabi/5.3.1/../../../../arm-none-eabi/lib/armv7-m\libc.a(lib_a-__call_atexit.o) (atexit)
c:/program files (x86)/atmel/studio/7.0/toolchain/arm/arm-gnu-toolchain/bin/../lib/gcc/arm-none-eabi/5.3.1/../../../../arm-none-eabi/lib/armv7-m\libc.a(lib_a-fini.o)
                              c:/program files (x86)/atmel/studio/7.0/toolchain/arm/arm-gnu-toolchain/bin/../lib/gcc/arm-none-eabi/5.3.1/../../../../arm-none-eabi/lib/armv7-m\libc.a(lib_a-__call_atexit.o) (__libc_fini_array)
c:/program files (x86)/atmel/studio/7.0/toolchain/arm/arm-gnu-toolchain/bin/../lib/gcc/arm-none-eabi/5.3.1/../../../../arm-none-eabi/lib/armv7-m\libc.a(lib_a-__atexit.o)
                              c:/program files (x86)/atmel/studio/7.0/toolchain/arm/arm-gnu-toolchain/bin/../lib/gcc/arm-none-eabi/5.3.1/../../../../arm-none-eabi/lib/armv7-m\libc.a(lib_a-atexit.o) (__register_exitproc)

Allocating common symbols
Common symbol       size              file

currentSpelling     0x64              main.o
cSpelling           0x4               main.o
currentChar         0x1               main.o
mensage             0x64              main.o
bufferRX            0xb               UART.o

Discarded input sections

 .text          0x00000000        0x0 c:/program files (x86)/atmel/studio/7.0/toolchain/arm/arm-gnu-toolchain/bin/../lib/gcc/arm-none-eabi/5.3.1/armv7-m/crti.o
 .data          0x00000000        0x0 c:/program files (x86)/atmel/studio/7.0/toolchain/arm/arm-gnu-toolchain/bin/../lib/gcc/arm-none-eabi/5.3.1/armv7-m/crti.o
 .bss           0x00000000        0x0 c:/program files (x86)/atmel/studio/7.0/toolchain/arm/arm-gnu-toolchain/bin/../lib/gcc/arm-none-eabi/5.3.1/armv7-m/crti.o
 .data          0x00000000        0x4 c:/program files (x86)/atmel/studio/7.0/toolchain/arm/arm-gnu-toolchain/bin/../lib/gcc/arm-none-eabi/5.3.1/armv7-m/crtbegin.o
 .text          0x00000000       0x74 c:/program files (x86)/atmel/studio/7.0/toolchain/arm/arm-gnu-toolchain/bin/../lib/gcc/arm-none-eabi/5.3.1/../../../../arm-none-eabi/lib/armv7-m/crt0.o
 .data          0x00000000        0x0 c:/program files (x86)/atmel/studio/7.0/toolchain/arm/arm-gnu-toolchain/bin/../lib/gcc/arm-none-eabi/5.3.1/../../../../arm-none-eabi/lib/armv7-m/crt0.o
[...]
Memory Configuration

Name             Origin             Length             Attributes
rom              0x00080000         0x00080000         xr
ram              0x20000000         0x00018000         xrw
*default*        0x00000000         0xffffffff

Linker script and memory map

LOAD c:/program files (x86)/atmel/studio/7.0/toolchain/arm/arm-gnu-toolchain/bin/../lib/gcc/arm-none-eabi/5.3.1/armv7-m/crti.o
LOAD c:/program files (x86)/atmel/studio/7.0/toolchain/arm/arm-gnu-toolchain/bin/../lib/gcc/arm-none-eabi/5.3.1/armv7-m/crtbegin.o
LOAD c:/program files (x86)/atmel/studio/7.0/toolchain/arm/arm-gnu-toolchain/bin/../lib/gcc/arm-none-eabi/5.3.1/../../../../arm-none-eabi/lib/armv7-m/crt0.o
LOAD Device_Startup/startup_sam3xa.o
LOAD Device_Startup/system_sam3xa.o
LOAD main.o
LOAD nmeaScanner.o
LOAD UART.o
LOAD USART.o
START GROUP
LOAD c:/program files (x86)/atmel/studio/7.0/toolchain/arm/arm-gnu-toolchain/bin/../lib/gcc/arm-none-eabi/5.3.1/../../../../arm-none-eabi/lib/armv7-m\libm.a
END GROUP
START GROUP
LOAD c:/program files (x86)/atmel/studio/7.0/toolchain/arm/arm-gnu-toolchain/bin/../lib/gcc/arm-none-eabi/5.3.1/armv7-m\libgcc.a
LOAD c:/program files (x86)/atmel/studio/7.0/toolchain/arm/arm-gnu-toolchain/bin/../lib/gcc/arm-none-eabi/5.3.1/../../../../arm-none-eabi/lib/armv7-m\libc.a
END GROUP
LOAD c:/program files (x86)/atmel/studio/7.0/toolchain/arm/arm-gnu-toolchain/bin/../lib/gcc/arm-none-eabi/5.3.1/armv7-m/crtend.o
LOAD c:/program files (x86)/atmel/studio/7.0/toolchain/arm/arm-gnu-toolchain/bin/../lib/gcc/arm-none-eabi/5.3.1/armv7-m/crtn.o
                0x00000400                STACK_SIZE = DEFINED (STACK_SIZE)?STACK_SIZE:0x400
                0x00000200                HEAP_SIZE = DEFINED (HEAP_SIZE)?HEAP_SIZE:0x200

.text           0x00080000      0x944
                0x00080000                . = ALIGN (0x4)
                0x00080000                _sfixed = .
 *(.vectors .vectors.*)
 .vectors       0x00080000       0xf4 Device_Startup/startup_sam3xa.o
                0x00080000                exception_table
 *(.text .text.* .gnu.linkonce.t.*)
 .text          0x000800f4       0x5c c:/program files (x86)/atmel/studio/7.0/toolchain/arm/arm-gnu-toolchain/bin/../lib/gcc/arm-none-eabi/5.3.1/armv7-m/crtbegin.o
 .text.Dummy_Handler
                0x00080150        0x4 Device_Startup/startup_sam3xa.o
                0x00080150                DACC_Handler
                0x00080150                DebugMon_Handler
                0x00080150                DMAC_Handler
                0x00080150                TRNG_Handler
                0x00080150                HardFault_Handler
                0x00080150                TC2_Handler
                0x00080150                SysTick_Handler
                0x00080150                USART3_Handler
                0x00080150                TWI1_Handler
                0x00080150                PendSV_Handler
                0x00080150                NMI_Handler
                0x00080150                TC7_Handler
                0x00080150                ADC_Handler
                0x00080150                SMC_Handler
                0x00080150                USART0_Handler
                0x00080150                RTT_Handler
                0x00080150                EFC1_Handler
                0x00080150                PIOB_Handler
                0x00080150                RTC_Handler
                0x00080150                UsageFault_Handler
                0x00080150                TC6_Handler
                0x00080150                WDT_Handler
                0x00080150                CAN0_Handler
                0x00080150                TC4_Handler
                0x00080150                TC1_Handler
                0x00080150                HSMCI_Handler
                0x00080150                TC3_Handler
                0x00080150                Dummy_Handler
                0x00080150                TWI0_Handler
                0x00080150                USART1_Handler
                0x00080150                PIOA_Handler
                0x00080150                SSC_Handler
                0x00080150                EFC0_Handler
                0x00080150                PMC_Handler
                0x00080150                PWM_Handler
                0x00080150                CAN1_Handler
                0x00080150                MemManage_Handler
                0x00080150                SUPC_Handler
                0x00080150                SVC_Handler
                0x00080150                TC8_Handler
                0x00080150                USART2_Handler
                0x00080150                PIOD_Handler
                0x00080150                EMAC_Handler
                0x00080150                PIOC_Handler
                0x00080150                BusFault_Handler
                0x00080150                RSTC_Handler
                0x00080150                TC0_Handler
                0x00080150                TC5_Handler
                0x00080150                UOTGHS_Handler
                0x00080150                SPI0_Handler
 .text.Reset_Handler
                0x00080154       0x9c Device_Startup/startup_sam3xa.o
                0x00080154                Reset_Handler
 .text.SystemInit
                0x000801f0       0xa4 Device_Startup/system_sam3xa.o
                0x000801f0                SystemInit
 .text.init     0x00080294       0x30 main.o
                0x00080294                init
 .text.main     0x000802c4       0x4c main.o
                0x000802c4                main
 .text.getCurrentChar
                0x00080310       0x18 nmeaScanner.o
                0x00080310                getCurrentChar
 .text.appendSpelling
                0x00080328       0x1c nmeaScanner.o
                0x00080328                appendSpelling
 .text.flushSpelling
                0x00080344       0x14 nmeaScanner.o
                0x00080344                flushSpelling
 .text.scanNmea
                0x00080358       0x88 nmeaScanner.o
                0x00080358                scanNmea
 .text.UART_Handler
                0x000803e0       0x38 UART.o
                0x000803e0                UART_Handler
 .text.limpaBufferRX
                0x00080418       0x24 UART.o
                0x00080418                limpaBufferRX
 .text.returnStatusBufferRx
                0x0008043c       0x10 UART.o
                0x0008043c                returnStatusBufferRx
 .text.inic_UART
                0x0008044c       0x40 UART.o
                0x0008044c                inic_UART
 .text.inic_Interrupt_RX
                0x0008048c       0x18 UART.o
                0x0008048c                inic_Interrupt_RX
 .text.escreve_UARTcarac
                0x000804a4       0x14 UART.o
                0x000804a4                escreve_UARTcarac
 .text.escreve_UARTmsg
                0x000804b8       0x1c UART.o
                0x000804b8                escreve_UARTmsg
 .text.escreve_bufferRX
                0x000804d4       0x20 UART.o
                0x000804d4                escreve_bufferRX
 .text.init_usart0
                0x000804f4       0x48 USART.o
                0x000804f4                init_usart0
 .text.le_USARTcarac
                0x0008053c       0x18 USART.o
                0x0008053c                le_USARTcarac
 .text.__libc_init_array
                0x00080554       0x50 c:/program files (x86)/atmel/studio/7.0/toolchain/arm/arm-gnu-toolchain/bin/../lib/gcc/arm-none-eabi/5.3.1/../../../../arm-none-eabi/lib/armv7-m\libc.a(lib_a-init.o)
                0x00080554                __libc_init_array
 .text          0x000805a4      0x1bc c:/program files (x86)/atmel/studio/7.0/toolchain/arm/arm-gnu-toolchain/bin/../lib/gcc/arm-none-eabi/5.3.1/../../../../arm-none-eabi/lib/armv7-m\libc.a(lib_a-strcmp.o)
                0x000805a4                strcmp
 .text.strcpy   0x00080760       0xbc c:/program files (x86)/atmel/studio/7.0/toolchain/arm/arm-gnu-toolchain/bin/../lib/gcc/arm-none-eabi/5.3.1/../../../../arm-none-eabi/lib/armv7-m\libc.a(lib_a-strcpy.o)
                0x00080760                strcpy
 .text.startup.register_fini
                0x0008081c       0x14 c:/program files (x86)/atmel/studio/7.0/toolchain/arm/arm-gnu-toolchain/bin/../lib/gcc/arm-none-eabi/5.3.1/../../../../arm-none-eabi/lib/armv7-m\libc.a(lib_a-__call_atexit.o)
 .text.atexit   0x00080830        0xc c:/program files (x86)/atmel/studio/7.0/toolchain/arm/arm-gnu-toolchain/bin/../lib/gcc/arm-none-eabi/5.3.1/../../../../arm-none-eabi/lib/armv7-m\libc.a(lib_a-atexit.o)
                0x00080830                atexit
 .text.__libc_fini_array
                0x0008083c       0x28 c:/program files (x86)/atmel/studio/7.0/toolchain/arm/arm-gnu-toolchain/bin/../lib/gcc/arm-none-eabi/5.3.1/../../../../arm-none-eabi/lib/armv7-m\libc.a(lib_a-fini.o)
                0x0008083c                __libc_fini_array
 .text.__register_exitproc
                0x00080864       0xa4 c:/program files (x86)/atmel/studio/7.0/toolchain/arm/arm-gnu-toolchain/bin/../lib/gcc/arm-none-eabi/5.3.1/../../../../arm-none-eabi/lib/armv7-m\libc.a(lib_a-__atexit.o)
                0x00080864                __register_exitproc
 *(.glue_7t)
 .glue_7t       0x00080908        0x0 linker stubs
 *(.glue_7)
 .glue_7        0x00080908        0x0 linker stubs
 *(.rodata .rodata* .gnu.linkonce.r.*)
 .rodata.str1.4
                0x00080908        0xf main.o
 *fill*         0x00080917        0x1 
 .rodata.str1.4
                0x00080918        0x4 c:/program files (x86)/atmel/studio/7.0/toolchain/arm/arm-gnu-toolchain/bin/../lib/gcc/arm-none-eabi/5.3.1/../../../../arm-none-eabi/lib/armv7-m\libc.a(lib_a-impure.o)
                                  0x2 (size before relaxing)
 .rodata._global_impure_ptr
                0x0008091c        0x4 c:/program files (x86)/atmel/studio/7.0/toolchain/arm/arm-gnu-toolchain/bin/../lib/gcc/arm-none-eabi/5.3.1/../../../../arm-none-eabi/lib/armv7-m\libc.a(lib_a-impure.o)
                0x0008091c                _global_impure_ptr
 *(.ARM.extab* .gnu.linkonce.armextab.*)
                0x00080920                . = ALIGN (0x4)
 *(.init)
 .init          0x00080920        0x4 c:/program files (x86)/atmel/studio/7.0/toolchain/arm/arm-gnu-toolchain/bin/../lib/gcc/arm-none-eabi/5.3.1/armv7-m/crti.o
                0x00080920                _init
 .init          0x00080924        0x8 c:/program files (x86)/atmel/studio/7.0/toolchain/arm/arm-gnu-toolchain/bin/../lib/gcc/arm-none-eabi/5.3.1/armv7-m/crtn.o
                0x0008092c                . = ALIGN (0x4)
                0x0008092c                __preinit_array_start = .
 *(.preinit_array)
                0x0008092c                __preinit_array_end = .
                0x0008092c                . = ALIGN (0x4)
                0x0008092c                __init_array_start = .
 *(SORT(.init_array.*))
 .init_array.00000
                0x0008092c        0x4 c:/program files (x86)/atmel/studio/7.0/toolchain/arm/arm-gnu-toolchain/bin/../lib/gcc/arm-none-eabi/5.3.1/../../../../arm-none-eabi/lib/armv7-m\libc.a(lib_a-__call_atexit.o)
 *(.init_array)
 .init_array    0x00080930        0x4 c:/program files (x86)/atmel/studio/7.0/toolchain/arm/arm-gnu-toolchain/bin/../lib/gcc/arm-none-eabi/5.3.1/armv7-m/crtbegin.o
                0x00080934                __init_array_end = .
                0x00080934                . = ALIGN (0x4)
 *crtbegin.o(.ctors)
 *(EXCLUDE_FILE(*crtend.o) .ctors)
 *(SORT(.ctors.*))
 *crtend.o(.ctors)
                0x00080934                . = ALIGN (0x4)
 *(.fini)
 .fini          0x00080934        0x4 c:/program files (x86)/atmel/studio/7.0/toolchain/arm/arm-gnu-toolchain/bin/../lib/gcc/arm-none-eabi/5.3.1/armv7-m/crti.o
                0x00080934                _fini
 .fini          0x00080938        0x8 c:/program files (x86)/atmel/studio/7.0/toolchain/arm/arm-gnu-toolchain/bin/../lib/gcc/arm-none-eabi/5.3.1/armv7-m/crtn.o
                0x00080940                . = ALIGN (0x4)
                0x00080940                __fini_array_start = .
 *(.fini_array)
 .fini_array    0x00080940        0x4 c:/program files (x86)/atmel/studio/7.0/toolchain/arm/arm-gnu-toolchain/bin/../lib/gcc/arm-none-eabi/5.3.1/armv7-m/crtbegin.o
 *(SORT(.fini_array.*))
                0x00080944                __fini_array_end = .
 *crtbegin.o(.dtors)
 *(EXCLUDE_FILE(*crtend.o) .dtors)
 *(SORT(.dtors.*))
 *crtend.o(.dtors)
                0x00080944                . = ALIGN (0x4)
                0x00080944                _efixed = .
                [!provide]                PROVIDE (__exidx_start, .)

.vfp11_veneer   0x00080944        0x0
 .vfp11_veneer  0x00080944        0x0 linker stubs

.v4_bx          0x00080944        0x0
 .v4_bx         0x00080944        0x0 linker stubs

.iplt           0x00080944        0x0
 .iplt          0x00080944        0x0 c:/program files (x86)/atmel/studio/7.0/toolchain/arm/arm-gnu-toolchain/bin/../lib/gcc/arm-none-eabi/5.3.1/armv7-m/crtbegin.o

.eh_frame       0x00080944        0x0
 .eh_frame      0x00080944        0x0 c:/program files (x86)/atmel/studio/7.0/toolchain/arm/arm-gnu-toolchain/bin/../lib/gcc/arm-none-eabi/5.3.1/armv7-m/crtbegin.o

.rel.dyn        0x00080944        0x0
 .rel.iplt      0x00080944        0x0 c:/program files (x86)/atmel/studio/7.0/toolchain/arm/arm-gnu-toolchain/bin/../lib/gcc/arm-none-eabi/5.3.1/armv7-m/crtbegin.o

.jcr            0x00080944        0x0
 .jcr           0x00080944        0x0 c:/program files (x86)/atmel/studio/7.0/toolchain/arm/arm-gnu-toolchain/bin/../lib/gcc/arm-none-eabi/5.3.1/armv7-m/crtbegin.o

.igot.plt       0x00080944        0x0
 .igot.plt      0x00080944        0x0 c:/program files (x86)/atmel/studio/7.0/toolchain/arm/arm-gnu-toolchain/bin/../lib/gcc/arm-none-eabi/5.3.1/armv7-m/crtbegin.o

.ARM.exidx
 *(.ARM.exidx* .gnu.linkonce.armexidx.*)
                [!provide]                PROVIDE (__exidx_end, .)
                0x00080944                . = ALIGN (0x4)
                0x00080944                _etext = .

.relocate       0x20000000      0x430 load address 0x00080944
                0x20000000                . = ALIGN (0x4)
                0x20000000                _srelocate = .
 *(.ramfunc .ramfunc.*)
 *(.data .data.*)
 .data          0x20000000        0x4 Device_Startup/system_sam3xa.o
                0x20000000                SystemCoreClock
 *fill*         0x20000004        0x4 
 .data.impure_data
                0x20000008      0x428 c:/program files (x86)/atmel/studio/7.0/toolchain/arm/arm-gnu-toolchain/bin/../lib/gcc/arm-none-eabi/5.3.1/../../../../arm-none-eabi/lib/armv7-m\libc.a(lib_a-impure.o)
                0x20000430                . = ALIGN (0x4)
                0x20000430                _erelocate = .

.bss            0x20000430      0x100 load address 0x00080d74
                0x20000430                . = ALIGN (0x4)
                0x20000430                _sbss = .
                0x20000430                _szero = .
 *(.bss .bss.*)
 .bss           0x20000430       0x1c c:/program files (x86)/atmel/studio/7.0/toolchain/arm/arm-gnu-toolchain/bin/../lib/gcc/arm-none-eabi/5.3.1/armv7-m/crtbegin.o
 .bss           0x2000044c        0x8 UART.o
                0x2000044c                flag_bufferCheio
 *(COMMON)
 COMMON         0x20000454       0xd0 main.o
                0x20000454                currentSpelling
                0x200004b8                cSpelling
                0x200004bc                currentChar
                0x200004c0                mensage
 COMMON         0x20000524        0xb UART.o
                0x20000524                bufferRX
                0x20000530                . = ALIGN (0x4)
 *fill*         0x2000052f        0x1 
                0x20000530                _ebss = .
                0x20000530                _ezero = .

.stack          0x20000530      0x400 load address 0x00080e74
                0x20000530                . = ALIGN (0x8)
                0x20000530                _sstack = .
                0x20000930                . = (. + STACK_SIZE)
 *fill*         0x20000530      0x400 
                0x20000930                . = ALIGN (0x8)
                0x20000930                _estack = .

.heap           0x20000930      0x200 load address 0x00081274
                0x20000930                . = ALIGN (0x8)
                0x20000930                _sheap = .
                0x20000b30                . = (. + HEAP_SIZE)
 *fill*         0x20000930      0x200 
                0x20000b30                . = ALIGN (0x8)
                0x20000b30                _eheap = .
                0x20000b30                . = ALIGN (0x4)
                0x20000b30                _end = .
                0x20017fff                _ram_end_ = ((ORIGIN (ram) + LENGTH (ram)) - 0x1)
OUTPUT(EmbeddedGPS.elf elf32-littlearm)

.ARM.attributes
                0x00000000       0x29
 .ARM.attributes
                0x00000000       0x1d c:/program files (x86)/atmel/studio/7.0/toolchain/arm/arm-gnu-toolchain/bin/../lib/gcc/arm-none-eabi/5.3.1/armv7-m/crti.o
 .ARM.attributes
                0x0000001d       0x2d c:/program files (x86)/atmel/studio/7.0/toolchain/arm/arm-gnu-toolchain/bin/../lib/gcc/arm-none-eabi/5.3.1/armv7-m/crtbegin.o
 .ARM.attributes
                0x0000004a       0x33 Device_Startup/startup_sam3xa.o
 .ARM.attributes
                0x0000007d       0x33 Device_Startup/system_sam3xa.o
 .ARM.attributes
                0x000000b0       0x33 main.o
 .ARM.attributes
                0x000000e3       0x33 nmeaScanner.o
 .ARM.attributes
                0x00000116       0x33 UART.o
 .ARM.attributes
                0x00000149       0x33 USART.o
 .ARM.attributes
                0x0000017c       0x2d c:/program files (x86)/atmel/studio/7.0/toolchain/arm/arm-gnu-toolchain/bin/../lib/gcc/arm-none-eabi/5.3.1/../../../../arm-none-eabi/lib/armv7-m\libc.a(lib_a-impure.o)
 .ARM.attributes
                0x000001a9       0x2d c:/program files (x86)/atmel/studio/7.0/toolchain/arm/arm-gnu-toolchain/bin/../lib/gcc/arm-none-eabi/5.3.1/../../../../arm-none-eabi/lib/armv7-m\libc.a(lib_a-init.o)
 .ARM.attributes
                0x000001d6       0x1b c:/program files (x86)/atmel/studio/7.0/toolchain/arm/arm-gnu-toolchain/bin/../lib/gcc/arm-none-eabi/5.3.1/../../../../arm-none-eabi/lib/armv7-m\libc.a(lib_a-strcmp.o)
 .ARM.attributes
                0x000001f1       0x2d c:/program files (x86)/atmel/studio/7.0/toolchain/arm/arm-gnu-toolchain/bin/../lib/gcc/arm-none-eabi/5.3.1/../../../../arm-none-eabi/lib/armv7-m\libc.a(lib_a-strcpy.o)
 .ARM.attributes
                0x0000021e       0x2d c:/program files (x86)/atmel/studio/7.0/toolchain/arm/arm-gnu-toolchain/bin/../lib/gcc/arm-none-eabi/5.3.1/../../../../arm-none-eabi/lib/armv7-m\libc.a(lib_a-__call_atexit.o)
 .ARM.attributes
                0x0000024b       0x2d c:/program files (x86)/atmel/studio/7.0/toolchain/arm/arm-gnu-toolchain/bin/../lib/gcc/arm-none-eabi/5.3.1/../../../../arm-none-eabi/lib/armv7-m\libc.a(lib_a-atexit.o)
 .ARM.attributes
                0x00000278       0x2d c:/program files (x86)/atmel/studio/7.0/toolchain/arm/arm-gnu-toolchain/bin/../lib/gcc/arm-none-eabi/5.3.1/../../../../arm-none-eabi/lib/armv7-m\libc.a(lib_a-fini.o)
 .ARM.attributes
                0x000002a5       0x2d c:/program files (x86)/atmel/studio/7.0/toolchain/arm/arm-gnu-toolchain/bin/../lib/gcc/arm-none-eabi/5.3.1/../../../../arm-none-eabi/lib/armv7-m\libc.a(lib_a-__atexit.o)
 .ARM.attributes
                0x000002d2       0x1d c:/program files (x86)/atmel/studio/7.0/toolchain/arm/arm-gnu-toolchain/bin/../lib/gcc/arm-none-eabi/5.3.1/armv7-m/crtn.o

.comment        0x00000000       0x59
 .comment       0x00000000       0x59 Device_Startup/startup_sam3xa.o
                                 0x5a (size before relaxing)
 .comment       0x00000059       0x5a Device_Startup/system_sam3xa.o
 .comment       0x00000059       0x5a main.o
 .comment       0x00000059       0x5a nmeaScanner.o
 .comment       0x00000059       0x5a UART.o
 .comment       0x00000059       0x5a USART.o

.debug_info     0x00000000     0x2568
 .debug_info    0x00000000      0x707 Device_Startup/startup_sam3xa.o
 .debug_info    0x00000707      0x450 Device_Startup/system_sam3xa.o
 .debug_info    0x00000b57      0x1e8 main.o
 .debug_info    0x00000d3f      0x20f nmeaScanner.o
 .debug_info    0x00000f4e      0xcd0 UART.o
 .debug_info    0x00001c1e      0x94a USART.o

.debug_abbrev   0x00000000      0x7b0
 .debug_abbrev  0x00000000      0x145 Device_Startup/startup_sam3xa.o
 .debug_abbrev  0x00000145       0xf5 Device_Startup/system_sam3xa.o
 .debug_abbrev  0x0000023a      0x10c main.o
 .debug_abbrev  0x00000346      0x14c nmeaScanner.o
 .debug_abbrev  0x00000492      0x24b UART.o
 .debug_abbrev  0x000006dd       0xd3 USART.o

.debug_loc      0x00000000      0x2c0
 .debug_loc     0x00000000       0x5e Device_Startup/startup_sam3xa.o
 .debug_loc     0x0000005e       0x40 main.o
 .debug_loc     0x0000009e       0xbc nmeaScanner.o
 .debug_loc     0x0000015a      0x166 UART.o

.debug_aranges  0x00000000      0x148
 .debug_aranges
                0x00000000       0x28 Device_Startup/startup_sam3xa.o
 .debug_aranges
                0x00000028       0x30 Device_Startup/system_sam3xa.o
 .debug_aranges
                0x00000058       0x28 main.o
 .debug_aranges
                0x00000080       0x38 nmeaScanner.o
 .debug_aranges
                0x000000b8       0x68 UART.o
 .debug_aranges
                0x00000120       0x28 USART.o

.debug_ranges   0x00000000      0x100
 .debug_ranges  0x00000000       0x18 Device_Startup/startup_sam3xa.o
 .debug_ranges  0x00000018       0x20 Device_Startup/system_sam3xa.o
 .debug_ranges  0x00000038       0x18 main.o
 .debug_ranges  0x00000050       0x40 nmeaScanner.o
 .debug_ranges  0x00000090       0x58 UART.o
 .debug_ranges  0x000000e8       0x18 USART.o

.debug_macro    0x00000000    0x1177c
 .debug_macro   0x00000000      0x353 Device_Startup/startup_sam3xa.o
 .debug_macro   0x00000353      0x874 Device_Startup/startup_sam3xa.o
 .debug_macro   0x00000bc7       0x22 Device_Startup/startup_sam3xa.o
 .debug_macro   0x00000be9       0x87 Device_Startup/startup_sam3xa.o
 .debug_macro   0x00000c70       0x44 Device_Startup/startup_sam3xa.o
 .debug_macro   0x00000cb4       0xfd Device_Startup/startup_sam3xa.o
 .debug_macro   0x00000db1       0x22 Device_Startup/startup_sam3xa.o
 .debug_macro   0x00000dd3      0x1df Device_Startup/startup_sam3xa.o
 .debug_macro   0x00000fb2       0x20 Device_Startup/startup_sam3xa.o
 .debug_macro   0x00000fd2       0x3a Device_Startup/startup_sam3xa.o
 .debug_macro   0x0000100c       0x2d Device_Startup/startup_sam3xa.o
 .debug_macro   0x00001039      0xbb1 Device_Startup/startup_sam3xa.o
 .debug_macro   0x00001bea      0xa7d Device_Startup/startup_sam3xa.o
 .debug_macro   0x00002667      0x55a Device_Startup/startup_sam3xa.o
 .debug_macro   0x00002bc1      0x1a8 Device_Startup/startup_sam3xa.o
 .debug_macro   0x00002d69      0x30b Device_Startup/startup_sam3xa.o
 .debug_macro   0x00003074      0x709 Device_Startup/startup_sam3xa.o
 .debug_macro   0x0000377d       0xd6 Device_Startup/startup_sam3xa.o
 .debug_macro   0x00003853      0x56c Device_Startup/startup_sam3xa.o
 .debug_macro   0x00003dbf       0x1c Device_Startup/startup_sam3xa.o
 .debug_macro   0x00003ddb      0x678 Device_Startup/startup_sam3xa.o
 .debug_macro   0x00004453      0x51e Device_Startup/startup_sam3xa.o
 .debug_macro   0x00004971       0xbe Device_Startup/startup_sam3xa.o
 .debug_macro   0x00004a2f     0x2333 Device_Startup/startup_sam3xa.o
 .debug_macro   0x00006d62      0x7d1 Device_Startup/startup_sam3xa.o
 .debug_macro   0x00007533      0xdbb Device_Startup/startup_sam3xa.o
 .debug_macro   0x000082ee       0x9a Device_Startup/startup_sam3xa.o
 .debug_macro   0x00008388      0x29c Device_Startup/startup_sam3xa.o
 .debug_macro   0x00008624       0x58 Device_Startup/startup_sam3xa.o
 .debug_macro   0x0000867c      0x999 Device_Startup/startup_sam3xa.o
 .debug_macro   0x00009015      0x22d Device_Startup/startup_sam3xa.o
 .debug_macro   0x00009242      0x4b4 Device_Startup/startup_sam3xa.o
 .debug_macro   0x000096f6      0x64a Device_Startup/startup_sam3xa.o
 .debug_macro   0x00009d40      0x590 Device_Startup/startup_sam3xa.o
 .debug_macro   0x0000a2d0       0x46 Device_Startup/startup_sam3xa.o
 .debug_macro   0x0000a316      0x33f Device_Startup/startup_sam3xa.o
 .debug_macro   0x0000a655      0x27e Device_Startup/startup_sam3xa.o
 .debug_macro   0x0000a8d3     0x14dc Device_Startup/startup_sam3xa.o
 .debug_macro   0x0000bdaf      0x7cf Device_Startup/startup_sam3xa.o
 .debug_macro   0x0000c57e       0x76 Device_Startup/startup_sam3xa.o
 .debug_macro   0x0000c5f4       0x82 Device_Startup/startup_sam3xa.o
 .debug_macro   0x0000c676       0x76 Device_Startup/startup_sam3xa.o
 .debug_macro   0x0000c6ec       0x4c Device_Startup/startup_sam3xa.o
 .debug_macro   0x0000c738      0x100 Device_Startup/startup_sam3xa.o
 .debug_macro   0x0000c838      0x100 Device_Startup/startup_sam3xa.o
 .debug_macro   0x0000c938      0x100 Device_Startup/startup_sam3xa.o
 .debug_macro   0x0000ca38       0x88 Device_Startup/startup_sam3xa.o
 .debug_macro   0x0000cac0       0x88 Device_Startup/startup_sam3xa.o
 .debug_macro   0x0000cb48      0x3b4 Device_Startup/startup_sam3xa.o
 .debug_macro   0x0000cefc       0xbe Device_Startup/startup_sam3xa.o
 .debug_macro   0x0000cfba       0xbe Device_Startup/startup_sam3xa.o
 .debug_macro   0x0000d078       0xbe Device_Startup/startup_sam3xa.o
 .debug_macro   0x0000d136       0xbe Device_Startup/startup_sam3xa.o
 .debug_macro   0x0000d1f4      0x2b8 Device_Startup/startup_sam3xa.o
 .debug_macro   0x0000d4ac      0x118 Device_Startup/startup_sam3xa.o
 .debug_macro   0x0000d5c4      0x216 Device_Startup/startup_sam3xa.o
 .debug_macro   0x0000d7da      0x216 Device_Startup/startup_sam3xa.o
 .debug_macro   0x0000d9f0       0x2e Device_Startup/startup_sam3xa.o
 .debug_macro   0x0000da1e       0xac Device_Startup/startup_sam3xa.o
 .debug_macro   0x0000daca      0x13e Device_Startup/startup_sam3xa.o
 .debug_macro   0x0000dc08       0x7c Device_Startup/startup_sam3xa.o
 .debug_macro   0x0000dc84      0x1f6 Device_Startup/startup_sam3xa.o
 .debug_macro   0x0000de7a       0x64 Device_Startup/startup_sam3xa.o
 .debug_macro   0x0000dede       0xa6 Device_Startup/startup_sam3xa.o
 .debug_macro   0x0000df84       0x7c Device_Startup/startup_sam3xa.o
 .debug_macro   0x0000e000       0x16 Device_Startup/startup_sam3xa.o
 .debug_macro   0x0000e016       0x22 Device_Startup/startup_sam3xa.o
 .debug_macro   0x0000e038       0x22 Device_Startup/startup_sam3xa.o
 .debug_macro   0x0000e05a      0x10c Device_Startup/startup_sam3xa.o
 .debug_macro   0x0000e166      0x10c Device_Startup/startup_sam3xa.o
 .debug_macro   0x0000e272      0x10c Device_Startup/startup_sam3xa.o
 .debug_macro   0x0000e37e      0x10c Device_Startup/startup_sam3xa.o
 .debug_macro   0x0000e48a       0x1c Device_Startup/startup_sam3xa.o
 .debug_macro   0x0000e4a6       0x2e Device_Startup/startup_sam3xa.o
 .debug_macro   0x0000e4d4       0x22 Device_Startup/startup_sam3xa.o
 .debug_macro   0x0000e4f6       0x1c Device_Startup/startup_sam3xa.o
 .debug_macro   0x0000e512       0x58 Device_Startup/startup_sam3xa.o
 .debug_macro   0x0000e56a       0x10 Device_Startup/startup_sam3xa.o
 .debug_macro   0x0000e57a      0x27a Device_Startup/startup_sam3xa.o
 .debug_macro   0x0000e7f4      0xd34 Device_Startup/startup_sam3xa.o
 .debug_macro   0x0000f528      0x170 Device_Startup/startup_sam3xa.o
 .debug_macro   0x0000f698      0x365 Device_Startup/system_sam3xa.o
 .debug_macro   0x0000f9fd      0x4bd main.o
 .debug_macro   0x0000feba       0x10 main.o
 .debug_macro   0x0000feca       0x1c main.o
 .debug_macro   0x0000fee6       0x1c main.o
 .debug_macro   0x0000ff02       0x40 main.o
 .debug_macro   0x0000ff42       0x52 main.o
 .debug_macro   0x0000ff94       0x35 main.o
 .debug_macro   0x0000ffc9       0x9c main.o
 .debug_macro   0x00010065       0x16 main.o
 .debug_macro   0x0001007b       0x97 main.o
 .debug_macro   0x00010112      0x330 main.o
 .debug_macro   0x00010442       0xf6 main.o
 .debug_macro   0x00010538       0x10 main.o
 .debug_macro   0x00010548       0x52 main.o
 .debug_macro   0x0001059a       0x16 main.o
 .debug_macro   0x000105b0       0x43 main.o
 .debug_macro   0x000105f3      0x187 main.o
 .debug_macro   0x0001077a       0x22 main.o
 .debug_macro   0x0001079c       0x3a main.o
 .debug_macro   0x000107d6       0x10 main.o
 .debug_macro   0x000107e6       0x40 main.o
 .debug_macro   0x00010826       0x6c main.o
 .debug_macro   0x00010892       0x16 main.o
 .debug_macro   0x000108a8      0x182 main.o
 .debug_macro   0x00010a2a       0x16 main.o
 .debug_macro   0x00010a40       0x35 main.o
 .debug_macro   0x00010a75      0x4b4 nmeaScanner.o
 .debug_macro   0x00010f29       0x4c nmeaScanner.o
 .debug_macro   0x00010f75       0x8d nmeaScanner.o
 .debug_macro   0x00011002       0x4a nmeaScanner.o
 .debug_macro   0x0001104c       0x3a nmeaScanner.o
 .debug_macro   0x00011086      0x370 UART.o
 .debug_macro   0x000113f6       0x16 UART.o
 .debug_macro   0x0001140c      0x370 USART.o

.debug_line     0x00000000     0x2d8e
 .debug_line    0x00000000      0x6ff Device_Startup/startup_sam3xa.o
 .debug_line    0x000006ff      0x75d Device_Startup/system_sam3xa.o
 .debug_line    0x00000e5c      0x81c main.o
 .debug_line    0x00001678      0x866 nmeaScanner.o
 .debug_line    0x00001ede      0x7b0 UART.o
 .debug_line    0x0000268e      0x700 USART.o

.debug_str      0x00000000    0x52bc2
 .debug_str     0x00000000    0x4e755 Device_Startup/startup_sam3xa.o
                              0x4e917 (size before relaxing)
 .debug_str     0x0004e755      0x2d7 Device_Startup/system_sam3xa.o
                              0x4e6e1 (size before relaxing)
 .debug_str     0x0004ea2c     0x3a92 main.o
                              0x51f0d (size before relaxing)
 .debug_str     0x000524be       0x54 nmeaScanner.o
                              0x51eea (size before relaxing)
 .debug_str     0x00052512      0x5a1 UART.o
                              0x4ebe6 (size before relaxing)
 .debug_str     0x00052ab3      0x10f USART.o
                              0x4e98d (size before relaxing)

.debug_frame    0x00000000      0x388
 .debug_frame   0x00000000       0x38 Device_Startup/startup_sam3xa.o
 .debug_frame   0x00000038       0x40 Device_Startup/system_sam3xa.o
 .debug_frame   0x00000078       0x40 main.o
 .debug_frame   0x000000b8       0x6c nmeaScanner.o
 .debug_frame   0x00000124       0xdc UART.o
 .debug_frame   0x00000200       0x30 USART.o
 .debug_frame   0x00000230       0x2c c:/program files (x86)/atmel/studio/7.0/toolchain/arm/arm-gnu-toolchain/bin/../lib/gcc/arm-none-eabi/5.3.1/../../../../arm-none-eabi/lib/armv7-m\libc.a(lib_a-init.o)
 .debug_frame   0x0000025c       0x34 c:/program files (x86)/atmel/studio/7.0/toolchain/arm/arm-gnu-toolchain/bin/../lib/gcc/arm-none-eabi/5.3.1/../../../../arm-none-eabi/lib/armv7-m\libc.a(lib_a-strcmp.o)
 .debug_frame   0x00000290       0x20 c:/program files (x86)/atmel/studio/7.0/toolchain/arm/arm-gnu-toolchain/bin/../lib/gcc/arm-none-eabi/5.3.1/../../../../arm-none-eabi/lib/armv7-m\libc.a(lib_a-strcpy.o)
 .debug_frame   0x000002b0       0x50 c:/program files (x86)/atmel/studio/7.0/toolchain/arm/arm-gnu-toolchain/bin/../lib/gcc/arm-none-eabi/5.3.1/../../../../arm-none-eabi/lib/armv7-m\libc.a(lib_a-__call_atexit.o)
 .debug_frame   0x00000300       0x20 c:/program files (x86)/atmel/studio/7.0/toolchain/arm/arm-gnu-toolchain/bin/../lib/gcc/arm-none-eabi/5.3.1/../../../../arm-none-eabi/lib/armv7-m\libc.a(lib_a-atexit.o)
 .debug_frame   0x00000320       0x34 c:/program files (x86)/atmel/studio/7.0/toolchain/arm/arm-gnu-toolchain/bin/../lib/gcc/arm-none-eabi/5.3.1/../../../../arm-none-eabi/lib/armv7-m\libc.a(lib_a-fini.o)
 .debug_frame   0x00000354       0x34 c:/program files (x86)/atmel/studio/7.0/toolchain/arm/arm-gnu-toolchain/bin/../lib/gcc/arm-none-eabi/5.3.1/../../../../arm-none-eabi/lib/armv7-m\libc.a(lib_a-__atexit.o)
